Using forced JAVA_HOME: C:\Program Files\Java\jdk-17.0.12
Executing: "C:\Program Files\Java\jdk-17.0.12/bin/java.exe" -Xmx512m "-Dmaven.multiModuleProjectDirectory=." -classpath "D:\froject_file\final\backend\\.mvn\wrapper\maven-wrapper.jar" org.apache.maven.wrapper.MavenWrapperMain spring-boot:run
[INFO] Scanning for projects...
[INFO] 
[INFO] ----------------------< com.complaint:redressal >-----------------------
[INFO] Building complaint-redressal-system 0.0.1-SNAPSHOT
[INFO] --------------------------------[ jar ]---------------------------------
[INFO] 
[INFO] >>> spring-boot-maven-plugin:3.4.2:run (default-cli) > test-compile @ redressal >>>
[INFO] 
[INFO] --- maven-resources-plugin:3.3.1:resources (default-resources) @ redressal ---
[INFO] Copying 1 resource from src\main\resources to target\classes
[INFO] Copying 0 resource from src\main\resources to target\classes
[INFO] 
[INFO] --- maven-compiler-plugin:3.13.0:compile (default-compile) @ redressal ---
[INFO] Nothing to compile - all classes are up to date.
[INFO] 
[INFO] --- maven-resources-plugin:3.3.1:testResources (default-testResources) @ redressal ---
[INFO] skip non existing resourceDirectory D:\froject_file\final\backend\src\test\resources
[INFO] 
[INFO] --- maven-compiler-plugin:3.13.0:testCompile (default-testCompile) @ redressal ---
[INFO] No sources to compile
[INFO] 
[INFO] <<< spring-boot-maven-plugin:3.4.2:run (default-cli) < test-compile @ redressal <<<
[INFO] 
[INFO] 
[INFO] --- spring-boot-maven-plugin:3.4.2:run (default-cli) @ redressal ---
[INFO] Attaching agents: []
[INFO] ------------------------------------------------------------------------
[INFO] BUILD SUCCESS
[INFO] ------------------------------------------------------------------------
[INFO] Total time:  2.569 s
[INFO] Finished at: 2026-02-18T16:48:31+05:30
[INFO] ------------------------------------------------------------------------
Terminate batch job (Y/N)? Terminate batch job (Y/N)? 